
> server@1.0.0 test
> cross-env NODE_ENV=test jest --detectOpenHandles --runInBand

node.exe : FAIL tests/class.test.js
At line:1 char:1
+ & "C:\Program Files\nodejs/node.exe" 
"C:\Program Files\nodejs/node_mo ...
+ ~~~~~~~~~~~~~~~~~~~~~~~~~~~~~~~~~~~~~
~~~~~~~~~~~~~~~~~~~~~~~~~~~~~~~~
    + CategoryInfo          : NotSpeci 
   fied: (FAIL tests/class.test.js:St  
  ring) [], RemoteException
    + FullyQualifiedErrorId : NativeCo 
   mmandError
 
  ΓùÅ Console

    console.log
      [dotenv@17.2.3] injecting env 
(3) from .env -- tip: ΓÜÖ∩╕Å  enable 
debug logging with { debug: true }

      at _log (node_modules/dotenv/lib/
main.js:142:11)

  ΓùÅ Class API ΓÇ║ should create a 
new class

    expect(received).toEqual(expected) 
// deep equality

    Expected: 201
    Received: 500

    [0m [90m 47 |[39m             
})[33m;[39m
     [90m 48 |[39m
    [31m[1m>[22m[39m[90m 49 
|[39m         expect(res[33m.[39msta
tusCode)[33m.[39mtoEqual([35m201[39
m)[33m;[39m
     [90m    |[39m                   
             [31m[1m^[22m[39m
     [90m 50 |[39m         expect(res
[33m.[39mbody)[33m.[39mtoHaveProper
ty([32m'title'[39m[33m,[39m 
[32m'Test Class'[39m)[33m;[39m
     [90m 51 |[39m     })[33m;[39m
     [90m 52 |[39m[0m

      at Object.toEqual 
(tests/class.test.js:49:32)

  ΓùÅ Class API ΓÇ║ should get all 
classes

    ValidationError: Class validation 
failed: className: Path `className` is 
required.

    [0m [90m 52 |[39m
     [90m 53 |[39m     
it([32m'should get all 
classes'[39m[33m,[39m 
[36masync[39m () [33m=>[39m {
    [31m[1m>[22m[39m[90m 54 
|[39m         [36mawait[39m 
[33mClass[39m[33m.[39mcreate({ 
title[33m:[39m [32m'Class 
1'[39m[33m,[39m 
department[33m:[39m [32m'Dept 
1'[39m })[33m;[39m
     [90m    |[39m         
[31m[1m^[22m[39m
     [90m 55 |[39m         
[36mawait[39m 
[33mClass[39m[33m.[39mcreate({ 
title[33m:[39m [32m'Class 
2'[39m[33m,[39m 
department[33m:[39m [32m'Dept 
2'[39m })[33m;[39m
     [90m 56 |[39m
     [90m 57 |[39m         
[36mconst[39m res [33m=[39m 
[36mawait[39m request(app)[0m

      at model.Document.invalidate (nod
e_modules/mongoose/lib/document.js:3385
:32)
      at validatePath (node_modules/mon
goose/lib/document.js:3160:13)
          at async Promise.all (index 
0)
      at model.$__validate (node_module
s/mongoose/lib/document.js:3101:3)
      at model.validate (node_modules/m
ongoose/lib/document.js:2672:5)
      at model.validateBeforeSave (node
_modules/mongoose/lib/plugins/validateB
eforeSave.js:34:7)
      at Kareem.execPre 
(node_modules/kareem/index.js:65:24)
      at model.$__save (node_modules/mo
ngoose/lib/model.js:369:5)
      at model.save (node_modules/mongo
ose/lib/model.js:609:5)
      at node_modules/mongoose/lib/mode
l.js:2714:9
          at async Promise.all (index 
0)
      at model.create (node_modules/mon
goose/lib/model.js:2699:11)
      at Object.<anonymous> 
(tests/class.test.js:54:9)

PASS tests/auth.test.js
  ΓùÅ Console

    console.log
      [dotenv@17.2.3] injecting env 
(3) from .env -- tip: ≡ƒöä add secrets 
lifecycle management: 
https://dotenvx.com/ops

      at _log (node_modules/dotenv/lib/
main.js:142:11)


Test Suites: 1 failed, 1 passed, 2 
total
Tests:       2 failed, 2 passed, 4 
total
Snapshots:   0 total
Time:        1.342 s, estimated 2 s
Ran all test suites.
